// Jest Snapshot v1, https://goo.gl/fbAQLP

exports[`Test ModalInfo component renders correctly 1`] = `
<div
  className="movie-info"
>
  <div
    className="movie-info__close"
    onClick={[Function]}
  />
  <div
    className="movie-info__rating"
  >
    <h3>
      test
    </h3>
    <span>
      0
    </span>
  </div>
  <p
    className="movie-info__genre"
  >
    1, 
    2
  </p>
  <p>
    
  </p>
  <button
    className="btn__watch"
    onClick={[Function]}
  >
    Watch Now
  </button>
</div>
`;
