// Jest Snapshot v1, https://goo.gl/fbAQLP

exports[`Adder adds two numbers 1`] = `
<div
  className="modal-info"
>
  <p>
    There are growing dangers in the wizarding world of 1926 New York.  Something mysterious is leaving a path of destruction in the streets, threatening to expose the wizarding
  </p>
</div>
`;
