// Jest Snapshot v1, https://goo.gl/fbAQLP

exports[`render MovieList component renders MovieList component 1`] = `
<section
  className="movie-list"
>
  <div
    className="loading"
  >
    <ul>
      <li
        className="red"
      />
      <li
        className="blue"
      />
      <li
        className="violet"
      />
    </ul>
    <h3>
      LOADING
    </h3>
  </div>
</section>
`;
