// Jest Snapshot v1, https://goo.gl/fbAQLP

exports[`My Connected React-Redux Component should render with given state from Redux store 1`] = `
<section
  className="movie-list"
>
  <div
    className="movie-list__item"
  >
    <div
      className="movie-list__item_img"
    >
      
    </div>
    <div
      className="movie-list__rating"
    >
      <h3>
        
      </h3>
      <span>
        0
      </span>
    </div>
    <p
      className="movie-list__genre"
    />
    <div
      className="movie-hover"
    >
      <div
        className="movie-hover__icon"
        onClick={[Function]}
      />
      <h3>
        Watch Now
      </h3>
      <button
        className="btn__info"
        onClick={[Function]}
      >
        View Info
      </button>
    </div>
  </div>
</section>
`;
