// Jest Snapshot v1, https://goo.gl/fbAQLP

exports[`renders MovieList components correctly 1`] = `
<section
  className="movie-list"
>
  <Film
    changeGenre={[Function]}
    genre={Array []}
    genreFilmArray={Array []}
    id={0.9067002491628748}
    imgUrl=""
    overview=""
    rating={0}
    testId="myButton"
    title=""
  />
  <Film
    changeGenre={[Function]}
    genre={Array []}
    genreFilmArray={Array []}
    id={0.9067002491628748}
    imgUrl=""
    overview=""
    rating={0}
    testId="myButton"
    title=""
  />
</section>
`;

exports[`renders correctly Film component in MovieList component 1`] = `
<section
  className="movie-list"
>
  <div
    className="movie-list__item"
  >
    <div
      className="movie-list__item_img"
    >
      
    </div>
    <div
      className="movie-list__rating"
    >
      <h3>
        
      </h3>
      <span>
        0
      </span>
    </div>
    <p
      className="movie-list__genre"
    />
    <div
      className="movie-hover"
    >
      <div
        className="movie-hover__icon"
        onClick={[Function]}
      />
      <h3>
        Watch Now
      </h3>
      <button
        className="btn__info"
        onClick={[Function]}
      >
        View Info
      </button>
    </div>
  </div>
  <div
    className="movie-list__item"
  >
    <div
      className="movie-list__item_img"
    >
      
    </div>
    <div
      className="movie-list__rating"
    >
      <h3>
        
      </h3>
      <span>
        0
      </span>
    </div>
    <p
      className="movie-list__genre"
    />
    <div
      className="movie-hover"
    >
      <div
        className="movie-hover__icon"
        onClick={[Function]}
      />
      <h3>
        Watch Now
      </h3>
      <button
        className="btn__info"
        onClick={[Function]}
      >
        View Info
      </button>
    </div>
  </div>
</section>
`;
